Selected: offset=0
 1  output/folders/md/md2
Selected: offset=0
 1  output/folders/md/md2
 2  output/folders/md/md1
Selected: offset=0
 1  output/folders/md/md2
 2  output/folders/md/md1
Selected: offset=0
 1  output/folders/md/md1
Selected: offset=0
 1  output/folders/md/md1
Selected: offset=0
 1  output/folders/md/md1
 2  output/folders/md/md2
Selected: offset=0
 1  output/folders/md/md2
Exit: 0
